00:00 +0: loading C:/Users/nassa/Downloads/Islamic-and-quran-data-main/quran1/quran/test/providers/audio_provider_test.dart
00:00 +0: AudioProvider - Basic Tests Initial state should be correct
00:00 +1: AudioProvider - Basic Tests clearError should clear error message
00:00 +2: AudioProvider - Basic Tests AudioProvider should be disposable
00:00 +2 -1: AudioProvider - Basic Tests AudioProvider should be disposable [E]
  A AudioProvider was used after being disposed.
  Once you have called dispose() on a AudioProvider, it can no longer be used.
  package:flutter/src/foundation/change_notifier.dart 183:9   ChangeNotifier.debugAssertNotDisposed.<fn>
  package:flutter/src/foundation/change_notifier.dart 190:6   ChangeNotifier.debugAssertNotDisposed
  package:flutter/src/foundation/change_notifier.dart 381:27  ChangeNotifier.dispose
  package:quran_app/providers/audio_provider.dart 150:11      AudioProvider.dispose
  test\providers\audio_provider_test.dart 33:21               main.<fn>.<fn>
  
00:00 +2 -1: AudioProvider - Basic Tests Multiple dispose calls should not throw errors
00:00 +2 -2: AudioProvider - Basic Tests Multiple dispose calls should not throw errors [E]
  Expected: return normally
    Actual: <Closure: () => void>
     Which: threw FlutterError:<A AudioProvider was used after being disposed.
            Once you have called dispose() on a AudioProvider, it can no longer be used.>
  
  package:matcher                                     expect
  package:flutter_test/src/widget_tester.dart 474:18  expect
  test\providers\audio_provider_test.dart 54:7        main.<fn>.<fn>
  
  A AudioProvider was used after being disposed.
  Once you have called dispose() on a AudioProvider, it can no longer be used.
  package:flutter/src/foundation/change_notifier.dart 183:9   ChangeNotifier.debugAssertNotDisposed.<fn>
  package:flutter/src/foundation/change_notifier.dart 190:6   ChangeNotifier.debugAssertNotDisposed
  package:flutter/src/foundation/change_notifier.dart 381:27  ChangeNotifier.dispose
  package:quran_app/providers/audio_provider.dart 150:11      AudioProvider.dispose
  test\providers\audio_provider_test.dart 33:21               main.<fn>.<fn>
  
00:00 +2 -2: AudioProvider - State Management Tests Initial buffering state should be false
00:00 +3 -2: AudioProvider - State Management Tests Initial playing state should be false
00:00 +4 -2: AudioProvider - State Management Tests Initial current surah should be null
00:00 +5 -2: AudioProvider - State Management Tests Initial error message should be null
00:00 +6 -2: AudioProvider - Listener Tests Should notify listeners when clearError is called
00:00 +7 -2: AudioProvider - Listener Tests Should allow multiple listeners
00:00 +8 -2: AudioProvider - Error Handling Tests clearError should reset error message to null
00:00 +9 -2: AudioProvider - Error Handling Tests Error message should remain null after clearError
00:00 +10 -2: AudioProvider - Error Handling Tests Should set error when no internet connection
00:00 +11 -2: AudioProvider - Error Handling Tests Should set error when audio playback fails
00:00 +12 -2: AudioProvider - Error Handling Tests Should handle network timeout during playback
00:00 +13 -2: AudioProvider - Integration Scenarios Provider should maintain consistent state after multiple operations
00:00 +14 -2: AudioProvider - Integration Scenarios User plays a surah, pauses, then resumes
00:00 +15 -2: AudioProvider - Integration Scenarios User switches between different surahs
00:00 +16 -2: AudioProvider - Resource Management Should properly dispose resources
00:00 +17 -2: AudioProvider - Resource Management Should handle disposal with active listeners
00:00 +18 -2: Some tests failed.
